

                                                                      Page 1
ispLEVER Classic 2.0.00.17.20.15  -  Device Utilization Chart         Wed Feb 26 16:21:17 2020



--------------------------------------------------------------------------------

Module                   : 'gray_bin'

--------------------------------------------------------------------------------

Input files:

    ABEL PLA file        : lab4.tt3
    Device library       : P22V10GC.dev

Output files:

    Report file          : lab4.rpt
    Programmer load file : lab4.jed

--------------------------------------------------------------------------------


                                                                      Page 2
ispLEVER Classic 2.0.00.17.20.15  -  Device Utilization Chart         Wed Feb 26 16:21:17 2020

P22V10GC Programmed Logic:
--------------------------------------------------------------------------------



b_3_     = (  g_3_ );

b_2_     = (  g_2_ );

b_1_     = (  g_3_ & g_1_ 
            #   !g_2_ & g_1_ 
            #   !g_3_ & g_2_ & !g_1_ );

b_0_     = (  !g_1_ & g_0_ 
            #   g_1_ & !g_0_ );



                                                                      Page 3
ispLEVER Classic 2.0.00.17.20.15  -  Device Utilization Chart         Wed Feb 26 16:21:17 2020

P22V10GC Chip Diagram: (PLCC package)
--------------------------------------------------------------------------------




                                    P22V10GC

                                g  g           b  b
                                _  _           _  _
                                2  3           3  2
                                _  _           _  _
                              /----------------------
                             /  4  3  2  1 28 27 26 |
                             |                      |
                        g_1_ |  5                25 | b_1_                        
                             |                      |
                        g_0_ |  6                24 | b_0_                        
                             |                      |
                             |  7                23 |                             
                             |                      |
                             |  8                22 |                             
                             |                      |
                             |  9                21 |                             
                             |                      |
                             | 10                20 |                             
                             |                      |
                             | 11                19 |                             
                             |                      |
                             | 12 13 14 15 16 17 18 |
                             ------------------------

                        SIGNATURE: N/A


                                                                      Page 4
ispLEVER Classic 2.0.00.17.20.15  -  Device Utilization Chart         Wed Feb 26 16:21:17 2020

P22V10GC Chip Diagram: (SSOP package)
--------------------------------------------------------------------------------




                                  P22V10GC

                          ___________________________
                         | ***                       |
                         |                           |
                         |  1                    28  | Vcc                     
                         |                           |
                         |  2                    27  | b_3_                    
                         |                           |
                    g_3_ |  3                    26  | b_2_                    
                         |                           |
                    g_2_ |  4                    25  | b_1_                    
                         |                           |
                    g_1_ |  5                    24  | b_0_                    
                         |                           |
                    g_0_ |  6                    23  |                         
                         |                           |
                         |  7                    22  |                         
                         |                           |
                         |  8                    21  |                         
                         |                           |
                         |  9                    20  |                         
                         |                           |
                         | 10                    19  |                         
                         |                           |
                         | 11                    18  |                         
                         |                           |
                         | 12                    17  |                         
                         |                           |
                         | 13                    16  |                         
                         |                           |
                     GND | 14                    15  |                         
                         |                           |
                         |                           |
                         `---------------------------'

                        SIGNATURE: N/A


                                                                      Page 5
ispLEVER Classic 2.0.00.17.20.15  -  Device Utilization Chart         Wed Feb 26 16:21:17 2020

P22V10GC Resource Allocations:
--------------------------------------------------------------------------------



        Device        | Resource  |   Design    |
       Resources      | Available | Requirement | Unused
======================|===========|=============|==============
                      |           |             |
Input Pins:           |           |             |
                      |           |             |
          Input:      |     12    |      4      |    8 ( 66 %)
                      |           |             |
Output Pins:          |           |             |
                      |           |             |
          In/Out:     |     10    |      4      |    6 ( 60 %)
          Output:     |      -    |      -      |    -
                      |           |             |
Buried Nodes:         |           |             |
                      |           |             |
          Input Reg:  |      -    |      -      |    -
          Pin Reg:    |     10    |      0      |   10 (100 %)
          Buried Reg: |      -    |      -      |    -


                                                                      Page 6
ispLEVER Classic 2.0.00.17.20.15  -  Device Utilization Chart         Wed Feb 26 16:21:17 2020

P22V10GC Product Terms Distribution:
--------------------------------------------------------------------------------



            Signal                       |    Pin   | Terms | Terms | Terms
             Name                        | Assigned | Used  |  Max  | Unused
=========================================|==========|=======|=======|=======
b_3_                                     |   27     |   1   |   8   |   7
b_2_                                     |   26     |   1   |  10   |   9
b_1_                                     |   25     |   3   |  12   |   9
b_0_                                     |   24     |   2   |  14   |  12


     ==== List of Inputs/Feedbacks ====

Signal Name                              | Pin      | Pin Type
=========================================|==========|=========
g_3_                                     |    3     | INPUT
g_2_                                     |    4     | INPUT
g_1_                                     |    5     | INPUT
g_0_                                     |    6     | INPUT


                                                                      Page 7
ispLEVER Classic 2.0.00.17.20.15  -  Device Utilization Chart         Wed Feb 26 16:21:17 2020

P22V10GC Unused Resources:
--------------------------------------------------------------------------------



 Pin   |  Pin   |   Product   | Flip-flop
Number |  Type  |   Terms     |   Type
=======|========|=============|==========
    7  |  INPUT |      -      |    -   
    9  |  INPUT |      -      |    -   
   10  |  INPUT |      -      |    -   
   11  |  INPUT |      -      |    -   
   12  |  INPUT |      -      |    -   
   13  |  INPUT |      -      |    -   
   16  |  INPUT |      -      |    -   
   17  |  BIDIR | NORMAL  8   |    D
   18  |  BIDIR | NORMAL 10   |    D
   19  |  BIDIR | NORMAL 12   |    D
   20  |  BIDIR | NORMAL 14   |    D
   21  |  BIDIR | NORMAL 16   |    D
   23  |  BIDIR | NORMAL 16   |    D
